<html>
<body>
<pre>
<h1>µVision Build Log</h1>
<h2>Tool Versions:</h2>
IDE-Version: µVision V5.35.0.0
Copyright (C) 2021 ARM Ltd and ARM Germany GmbH. All rights reserved.
License Information: Javier FErrer, Galileo, LIC=----
 
Tool Versions:
Toolchain:       MDK-Lite  Version: 5.35.0.2
Toolchain Path:  C:\Keil_v5\ARM\ARMCLANG\Bin
C Compiler:      ArmClang.exe V6.16
Assembler:       Armasm.exe V6.16
Linker/Locator:  ArmLink.exe V6.16
Library Manager: ArmAr.exe V6.16
Hex Converter:   FromElf.exe V6.16
CPU DLL:         SARMCM3.DLL V5.35.0.2
Dialog DLL:      DCM.DLL V1.17.3.0
Target DLL:      STLink\ST-LINKIII-KEIL_SWO.dll V3.0.9.0
Dialog DLL:      TCM.DLL V1.53.0.0
 
<h2>Project:</h2>
C:\Users\JAFM1\Documents\LabsMicro\Proyecto_final\Proyecto_final.uvprojx
Project File Date:  11/08/2021

<h2>Output:</h2>
*** Using Compiler 'V6.16', folder: 'C:\Keil_v5\ARM\ARMCLANG\Bin'
Rebuild target 'Target 1'
compiling main.c...
compiling configUSART.c...
compiling stm32f3xx_hal.c...
compiling stm32f3xx_hal_gpio.c...
compiling stm32f3xx_hal_flash_ex.c...
compiling stm32f3xx_hal_flash.c...
compiling stm32f3xx_hal_cortex.c...
assembling startup_stm32f303x8.s...
compiling system_stm32f3xx.c...
compiling stm32f3xx_hal_rcc_ex.c...
compiling stm32f3xx_hal_rcc.c...
linking...
Program Size: Code=1098 RO-data=606 RW-data=4 ZI-data=1704  
".\Objects\Proyecto_final.axf" - 0 Error(s), 0 Warning(s).

<h2>Software Packages used:</h2>

Package Vendor: ARM
                http://www.keil.com/pack/ARM.CMSIS.5.8.0.pack
                ARM.CMSIS.5.8.0
                CMSIS (Common Microcontroller Software Interface Standard)
   * Component: CORE Version: 5.5.0

Package Vendor: Keil
                http://www.keil.com/pack/Keil.STM32F3xx_DFP.2.2.0.pack
                Keil.STM32F3xx_DFP.2.2.0
                STMicroelectronics STM32F3 Series Device Support and Examples
   * Component: COMMON Version: 1.11.2
   * Component: CORTEX Version: 1.11.2
   * Component: FLASH Version: 1.11.2
   * Component: GPIO Version: 1.11.2
   * Component: RCC Version: 1.11.2
   * Component: Startup Version: 1.11.2

<h2>Collection of Component include folders:</h2>
  .\RTE\Device\STM32F303K6Tx
  .\RTE\_Target_1
  C:\Users\JAFM1\AppData\Local\Arm\Packs\ARM\CMSIS\5.8.0\CMSIS\Core\Include
  C:\Users\JAFM1\AppData\Local\Arm\Packs\Keil\STM32F3xx_DFP\2.2.0\Drivers\CMSIS\Device\ST\STM32F3xx\Include
  C:\Users\JAFM1\AppData\Local\Arm\Packs\Keil\STM32F3xx_DFP\2.2.0\Drivers\STM32F3xx_HAL_Driver\Inc
  C:\Users\JAFM1\AppData\Local\Arm\Packs\Keil\STM32F3xx_DFP\2.2.0\Drivers\STM32F3xx_HAL_Driver\Inc\Legacy

<h2>Collection of Component Files used:</h2>

   * Component: ARM::CMSIS:CORE:5.5.0

   * Component: Keil.Standalone::Device:STM32Cube HAL:COMMON:1.11.2
      Include file:  Drivers\STM32F3xx_HAL_Driver\Inc\stm32f3xx_hal.h
      Source file:   Drivers\STM32F3xx_HAL_Driver\Src\stm32f3xx_hal.c
      Include file:  MDK\Templates\Inc\stm32f3xx_hal_conf.h
      Source file:   MDK\Templates\Src\stm32f3xx_hal_msp.c
      Include file:  Drivers\STM32F3xx_HAL_Driver\Inc\Legacy\stm32_hal_legacy.h
      Include file:  Drivers\STM32F3xx_HAL_Driver\Inc\stm32f3xx_hal_def.h
      Source file:   MDK\Templates\Src\stm32f3xx_it.c
      Source file:   MDK\Templates\Src\main.c
      Include file:  MDK\Templates\Inc\stm32f3xx_it.h
      Include file:  MDK\Templates\Inc\main.h

   * Component: Keil.Standalone::Device:STM32Cube HAL:CORTEX:1.11.2
      Source file:   Drivers\STM32F3xx_HAL_Driver\Src\stm32f3xx_hal_cortex.c

   * Component: Keil.Standalone::Device:STM32Cube HAL:FLASH:1.11.2
      Source file:   Drivers\STM32F3xx_HAL_Driver\Src\stm32f3xx_hal_flash.c
      Source file:   Drivers\STM32F3xx_HAL_Driver\Src\stm32f3xx_hal_flash_ex.c

   * Component: Keil.Standalone::Device:STM32Cube HAL:GPIO:1.11.2
      Source file:   Drivers\STM32F3xx_HAL_Driver\Src\stm32f3xx_hal_gpio.c

   * Component: Keil.Standalone::Device:STM32Cube HAL:RCC:1.11.2
      Source file:   Drivers\STM32F3xx_HAL_Driver\Src\stm32f3xx_hal_rcc_ex.c
      Source file:   Drivers\STM32F3xx_HAL_Driver\Src\stm32f3xx_hal_rcc.c

   * Component: Keil.Standalone::Device:Startup:1.11.2
      Source file:   Drivers\CMSIS\Device\ST\STM32F3xx\Source\Templates\system_stm32f3xx.c
      Source file:   MDK\Device\Source\ARM\STM32F3xx_OPT.s
      Source file:   Drivers\CMSIS\Device\ST\STM32F3xx\Source\Templates\arm\startup_stm32f303x8.s
      Include file:  Drivers\CMSIS\Device\ST\STM32F3xx\Include\stm32f3xx.h
Build Time Elapsed:  00:00:01
</pre>
</body>
</html>
